<html>
<body>
<pre>
<h1>µVision Build Log</h1>
<h2>Tool Versions:</h2>
IDE-Version: µVision V5.26.2.0
Copyright (C) 2018 ARM Ltd and ARM Germany GmbH. All rights reserved.
License Information: Javier Julve, Javier, LIC=----
 
Tool Versions:
Toolchain:       MDK-Lite  Version: 5.26.2.0
Toolchain Path:  C:\Keil_v5\ARM\ARMCC\Bin
C Compiler:      Armcc.exe V5.06 update 6 (build 750)
Assembler:       Armasm.exe V5.06 update 6 (build 750)
Linker/Locator:  ArmLink.exe V5.06 update 6 (build 750)
Library Manager: ArmAr.exe V5.06 update 6 (build 750)
Hex Converter:   FromElf.exe V5.06 update 6 (build 750)
CPU DLL:         SARM.DLL V5.26.2.0
Dialog DLL:      DARMP.DLL V1.53.0.0
Target DLL:      UL2ARM.DLL V1.74.10.0
Dialog DLL:      TARMP.DLL V1.53.0.0
 
<h2>Project:</h2>
C:\Users\Julve\OneDrive\Escritorio\Uni\Año 3\Cuatri 1\Proyecto hardware\Práctica 3\keil_reversi\keil_reversi.uvproj
Project File Date:  12/12/2023

<h2>Output:</h2>
*** Using Compiler 'V5.06 update 6 (build 750)', folder: 'C:\Keil_v5\ARM\ARMCC\Bin'
Rebuild target 'Simulator'
compiling hello_world.c...
compiling main.c...
compiling temporizador_drv.c...
assembling Startup.s...
compiling power_hal.c...
compiling Retarget.c...
compiling temporizador_hal.c...
compiling FIFO.c...
compiling gpio_hal.c...
compiling pruebas.c...
compiling planificador.c...
compiling Gestor_alarmas.c...
assembling SWI.s...
compiling int_ext_hal.c...
compiling WDT_hal.c...
assembling conecta_K_buscar_alineamiento_arm.s...
compiling linea_serie_hal.c...
compiling int_ext_drv.c...
compiling visualizar.c...
compiling entrada.c...
compiling linea_serie_drv.c...
compiling juego.c...
assembling conecta_K_buscar_alineamiento_arm_op.s...
assembling conecta_K_hay_linea_arm_arm.s...
assembling conecta_K_hay_linea_arm_c.s...
assembling conecta_K_hay_linea_arm_arm_op.s...
compiling tablero.c...
compiling conecta_K_2023.c...
linking...
.\keil_reversi.axf: Warning: L6305W: Image does not have an entry point. (Not specified or not set due to multiple choices.)
Program Size: Code=15880 RO-data=2604 RW-data=1028 ZI-data=11420  
Finished: 0 information, 1 warning and 0 error messages.
".\keil_reversi.axf" - 0 Error(s), 1 Warning(s).
Build Time Elapsed:  00:00:02
</pre>
</body>
</html>
